// Jest Snapshot v1, https://goo.gl/fbAQLP

exports[`extractTypeDefinitionFromViewSql should be able to extract types in this example 1`] = `
TypeDefinitionOfResourceView {
  "name": "view_suggestion_current",
  "selectExpressions": Array [
    TypeDefinitionOfQuerySelectExpression {
      "alias": "id",
      "sourcePath": "s.id",
    },
    TypeDefinitionOfQuerySelectExpression {
      "alias": "uuid",
      "sourcePath": "s.uuid",
    },
    TypeDefinitionOfQuerySelectExpression {
      "alias": "suggestion_source",
      "sourcePath": "s.suggestion_source",
    },
    TypeDefinitionOfQuerySelectExpression {
      "alias": "external_id",
      "sourcePath": "s.external_id",
    },
    TypeDefinitionOfQuerySelectExpression {
      "alias": "status",
      "sourcePath": "v.status",
    },
    TypeDefinitionOfQuerySelectExpression {
      "alias": "result",
      "sourcePath": "v.result",
    },
    TypeDefinitionOfQuerySelectExpression {
      "alias": "created_at",
      "sourcePath": "s.created_at",
    },
    TypeDefinitionOfQuerySelectExpression {
      "alias": "effective_at",
      "sourcePath": "v.effective_at",
    },
    TypeDefinitionOfQuerySelectExpression {
      "alias": "updated_at",
      "sourcePath": "v.created_at",
    },
  ],
  "tableReferences": Array [
    TypeDefinitionOfQueryTableReference {
      "alias": "s",
      "tableName": "suggestion",
    },
    TypeDefinitionOfQueryTableReference {
      "alias": "c",
      "tableName": "suggestion_cvp",
    },
    TypeDefinitionOfQueryTableReference {
      "alias": "v",
      "tableName": "suggestion_version",
    },
  ],
}
`;
