// Jest Snapshot v1, https://goo.gl/fbAQLP

exports[`breakSqlIntoNestedSqlArraysAtParentheses should accurately break up this example 1`] = `
Array [
  "-- query_name = find_with_subselect_in_select_expressions
SELECT
  s.id,
  s.uuid,
  s.name,
  ",
  Array [
    "(
    SELECT GROUP_CONCAT",
    Array [
      "(ice_cream_to_ingredient.ingredient_id ORDER BY ice_cream_to_ingredient.ingredient_id ASC SEPARATOR ',')",
    ],
    "
    FROM ice_cream_to_ingredient WHERE ice_cream_to_ingredient.ice_cream_id = s.id
  )",
  ],
  " as ingredient_ids,
  s.created_at
FROM ice_cream s
;
",
]
`;
